
Discarded input sections

 .group         0x0000000000000000        0xc /tmp/ccVXrGPU.o
 .group         0x0000000000000000        0xc /tmp/ccVXrGPU.o
 .group         0x0000000000000000        0xc /tmp/ccVXrGPU.o
 .group         0x0000000000000000        0xc /tmp/ccVXrGPU.o
 .group         0x0000000000000000        0xc /tmp/ccVXrGPU.o
 .group         0x0000000000000000        0xc /tmp/ccVXrGPU.o
 .group         0x0000000000000000        0xc /tmp/ccVXrGPU.o
 .group         0x0000000000000000        0xc /tmp/ccVXrGPU.o
 .group         0x0000000000000000        0xc /tmp/ccVXrGPU.o
 .group         0x0000000000000000        0xc /tmp/ccVXrGPU.o
 .group         0x0000000000000000        0xc /tmp/ccVXrGPU.o
 .group         0x0000000000000000        0xc /tmp/ccVXrGPU.o
 .group         0x0000000000000000        0xc /tmp/ccVXrGPU.o
 .group         0x0000000000000000        0xc /tmp/ccVXrGPU.o
 .group         0x0000000000000000        0xc /tmp/ccVXrGPU.o
 .group         0x0000000000000000        0xc /tmp/ccVXrGPU.o
 .group         0x0000000000000000        0xc /tmp/ccVXrGPU.o
 .group         0x0000000000000000        0xc /tmp/ccVXrGPU.o
 .group         0x0000000000000000        0xc /tmp/ccVXrGPU.o
 .group         0x0000000000000000        0xc /tmp/ccVXrGPU.o
 .group         0x0000000000000000        0xc /tmp/ccVXrGPU.o
 .group         0x0000000000000000        0xc /tmp/ccVXrGPU.o
 .group         0x0000000000000000        0xc /tmp/ccVXrGPU.o
 .group         0x0000000000000000        0xc /tmp/ccVXrGPU.o
 .group         0x0000000000000000        0xc /tmp/ccVXrGPU.o

Memory Configuration

Name             Origin             Length             Attributes
SRAM             0x0000000020041f00 0x00000000000000fc xr
*default*        0x0000000000000000 0xffffffffffffffff

Linker script and memory map

                0x0000000020041f00                . = ORIGIN (SRAM)

.text           0x0000000020041f00       0xf6
 *(.entry.*)
 .entry._stage2_boot
                0x0000000020041f00       0xd4 /tmp/ccVXrGPU.o
                0x0000000020041f00                _stage2_boot
 *(.text.*)
 .text.wait_and_read
                0x0000000020041fd4       0x22 /tmp/ccVXrGPU.o
 .text          0x0000000020041ff6        0x0 /tmp/ccVXrGPU.o
LOAD /tmp/ccVXrGPU.o
OUTPUT(build-raspberry_pi_pico/boot2.elf elf32-littlearm)
LOAD linker stubs

.data           0x0000000020041ff6        0x0
 .data          0x0000000020041ff6        0x0 /tmp/ccVXrGPU.o

.igot.plt       0x0000000020041ff8        0x0
 .igot.plt      0x0000000020041ff8        0x0 /tmp/ccVXrGPU.o

.glue_7         0x0000000020041ff8        0x0
 .glue_7        0x0000000020041ff8        0x0 linker stubs

.glue_7t        0x0000000020041ff8        0x0
 .glue_7t       0x0000000020041ff8        0x0 linker stubs

.vfp11_veneer   0x0000000020041ff8        0x0
 .vfp11_veneer  0x0000000020041ff8        0x0 linker stubs

.v4_bx          0x0000000020041ff8        0x0
 .v4_bx         0x0000000020041ff8        0x0 linker stubs

.iplt           0x0000000020041ff8        0x0
 .iplt          0x0000000020041ff8        0x0 /tmp/ccVXrGPU.o

.rel.dyn        0x0000000020041ff8        0x0
 .rel.iplt      0x0000000020041ff8        0x0 /tmp/ccVXrGPU.o

.bss            0x0000000020041ff6        0x0
 .bss           0x0000000020041ff6        0x0 /tmp/ccVXrGPU.o

.debug_info     0x0000000000000000      0x409
 .debug_info    0x0000000000000000      0x409 /tmp/ccVXrGPU.o

.debug_abbrev   0x0000000000000000      0x17f
 .debug_abbrev  0x0000000000000000      0x17f /tmp/ccVXrGPU.o

.debug_loc      0x0000000000000000       0xf6
 .debug_loc     0x0000000000000000       0xf6 /tmp/ccVXrGPU.o

.debug_aranges  0x0000000000000000       0x28
 .debug_aranges
                0x0000000000000000       0x28 /tmp/ccVXrGPU.o

.debug_ranges   0x0000000000000000       0x50
 .debug_ranges  0x0000000000000000       0x50 /tmp/ccVXrGPU.o

.debug_macro    0x0000000000000000     0x3f25
 .debug_macro   0x0000000000000000      0x1ac /tmp/ccVXrGPU.o
 .debug_macro   0x00000000000001ac      0xeb0 /tmp/ccVXrGPU.o
 .debug_macro   0x000000000000105c       0x22 /tmp/ccVXrGPU.o
 .debug_macro   0x000000000000107e       0x22 /tmp/ccVXrGPU.o
 .debug_macro   0x00000000000010a0       0x52 /tmp/ccVXrGPU.o
 .debug_macro   0x00000000000010f2       0x18 /tmp/ccVXrGPU.o
 .debug_macro   0x000000000000110a       0x94 /tmp/ccVXrGPU.o
 .debug_macro   0x000000000000119e       0x35 /tmp/ccVXrGPU.o
 .debug_macro   0x00000000000011d3       0x34 /tmp/ccVXrGPU.o
 .debug_macro   0x0000000000001207       0x16 /tmp/ccVXrGPU.o
 .debug_macro   0x000000000000121d       0x28 /tmp/ccVXrGPU.o
 .debug_macro   0x0000000000001245      0x34e /tmp/ccVXrGPU.o
 .debug_macro   0x0000000000001593      0x174 /tmp/ccVXrGPU.o
 .debug_macro   0x0000000000001707       0x10 /tmp/ccVXrGPU.o
 .debug_macro   0x0000000000001717       0x22 /tmp/ccVXrGPU.o
 .debug_macro   0x0000000000001739       0x76 /tmp/ccVXrGPU.o
 .debug_macro   0x00000000000017af       0x76 /tmp/ccVXrGPU.o
 .debug_macro   0x0000000000001825       0x2e /tmp/ccVXrGPU.o
 .debug_macro   0x0000000000001853       0x57 /tmp/ccVXrGPU.o
 .debug_macro   0x00000000000018aa      0x333 /tmp/ccVXrGPU.o
 .debug_macro   0x0000000000001bdd       0x9a /tmp/ccVXrGPU.o
 .debug_macro   0x0000000000001c77      0x172 /tmp/ccVXrGPU.o
 .debug_macro   0x0000000000001de9       0x6a /tmp/ccVXrGPU.o
 .debug_macro   0x0000000000001e53      0xbb5 /tmp/ccVXrGPU.o
 .debug_macro   0x0000000000002a08      0x6e7 /tmp/ccVXrGPU.o
 .debug_macro   0x00000000000030ef      0xe36 /tmp/ccVXrGPU.o

.debug_line     0x0000000000000000      0x67a
 .debug_line    0x0000000000000000      0x67a /tmp/ccVXrGPU.o

.debug_str      0x0000000000000000    0x128c3
 .debug_str     0x0000000000000000    0x128c3 /tmp/ccVXrGPU.o
                                      0x12ac6 (size before relaxing)

.comment        0x0000000000000000       0x33
 .comment       0x0000000000000000       0x33 /tmp/ccVXrGPU.o
                                         0x34 (size before relaxing)

.ARM.attributes
                0x0000000000000000       0x2b
 .ARM.attributes
                0x0000000000000000       0x2b /tmp/ccVXrGPU.o

.debug_frame    0x0000000000000000       0x44
 .debug_frame   0x0000000000000000       0x44 /tmp/ccVXrGPU.o
